> Task :buildSrc:checkKotlinGradlePluginConfigurationErrors
> Task :buildSrc:compileKotlin UP-TO-DATE
> Task :buildSrc:compileJava NO-SOURCE
> Task :buildSrc:compileGroovy NO-SOURCE
> Task :buildSrc:pluginDescriptors UP-TO-DATE
> Task :buildSrc:processResources NO-SOURCE
> Task :buildSrc:classes UP-TO-DATE
> Task :buildSrc:jar UP-TO-DATE

> Configure project :core
Setting up dependency for copyNonXmlValueResourcesForCommonMain
Setting up dependency for prepareComposeResourcesTaskForCommonMain
Setting up dependency for copyNonXmlValueResourcesForAndroidMain
Setting up dependency for prepareComposeResourcesTaskForAndroidMain
Setting up dependency for copyNonXmlValueResourcesForJvmMain
Setting up dependency for prepareComposeResourcesTaskForJvmMain
Setting up dependency for copyNonXmlValueResourcesForIosMain
Setting up dependency for prepareComposeResourcesTaskForIosMain
w: The following Kotlin/Native targets cannot be built on this machine and are disabled:
iosArm64, iosSimulatorArm64, iosX64
To hide this message, add 'kotlin.native.ignoreDisabledTargets=true' to the Gradle properties.



> Configure project :desktopApp
w: Target 'jvm': Unable to create run task 'jvmRun' as there is already such a task registered
Please remove the conflicting task or rename the new task



> Configure project :iosApp
w: The following Kotlin/Native targets cannot be built on this machine and are disabled:
iosArm64, iosSimulatorArm64, iosX64
To hide this message, add 'kotlin.native.ignoreDisabledTargets=true' to the Gradle properties.



> Task :core:checkKotlinGradlePluginConfigurationErrors SKIPPED
> Task :core:cleanupLegacyAppAssets UP-TO-DATE
> Task :core:prepareKanjiDojoAssetsForCommonMain UP-TO-DATE
> Task :core:convertXmlValueResourcesForCommonMain UP-TO-DATE
> Task :core:copyNonXmlValueResourcesForCommonMain UP-TO-DATE
> Task :core:prepareComposeResourcesTaskForCommonMain UP-TO-DATE
> Task :core:generateResourceAccessorsForCommonMain UP-TO-DATE
> Task :core:prepareKanjiDojoAssetsForJvmMain UP-TO-DATE
> Task :core:convertXmlValueResourcesForJvmMain NO-SOURCE
> Task :core:copyNonXmlValueResourcesForJvmMain UP-TO-DATE
> Task :core:prepareComposeResourcesTaskForJvmMain UP-TO-DATE
> Task :core:generateResourceAccessorsForJvmMain UP-TO-DATE
> Task :core:generateActualResourceCollectorsForJvmMain UP-TO-DATE
> Task :core:generateCommonMainAppDataDatabaseInterface UP-TO-DATE
> Task :core:generateCommonMainUserDataDatabaseInterface UP-TO-DATE
> Task :core:generateComposeResClass UP-TO-DATE
> Task :core:generateExpectResourceCollectorsForCommonMain UP-TO-DATE
> Task :core:generateJvmMainNonAndroidBuildConfig UP-TO-DATE
> Task :core:generateNonAndroidBuildConfig UP-TO-DATE
> Task :core:compileKotlinJvm UP-TO-DATE

BUILD SUCCESSFUL in 17s
22 actionable tasks: 1 executed, 21 up-to-date
